// Jest Snapshot v1, https://goo.gl/fbAQLP

exports[`LocationsList Component Testing LocationsList Renders correctly 1`] = `
<RCTScrollView
  data={
    Array [
      Object {
        "address": "Pariser Platz, 10117 Berlin, Germany",
        "id": "5c40317ac907b9d99467ba08",
        "lat": 52.5162746,
        "lng": 13.3777041,
        "name": "Brandenburg Tor",
      },
      Object {
        "address": "Leipziger Pl. 12, 10117 Berlin, Germany",
        "id": "5c404e92c907b9d99467ba0b",
        "lat": 52.51050919999999,
        "lng": 13.3810452,
        "name": "Mall of Berlin",
      },
      Object {
        "address": "Panoramastraße 1A, 10178 Berlin, Germany",
        "id": "5c404fd3c907b9d99467ba0c",
        "lat": 52.520815,
        "lng": 13.4094191,
        "name": "TV Tower",
      },
      Object {
        "address": "Köpenicker Str. 70, 10179 Berlin, Germany",
        "id": "5c405010c907b9d99467ba0e",
        "lat": 52.5106031,
        "lng": 13.4197619,
        "name": "Night club Tressor",
      },
      Object {
        "address": "Trebbiner Str. 9, 10963 Berlin, Germany",
        "id": "5c405030c907b9d99467ba0f",
        "lat": 52.4986982,
        "lng": 13.3778846,
        "name": "Technology museum Berlin",
      },
      Object {
        "address": "10178 Berlin, Germany",
        "id": "5c4054c4c907b9d99467ba11",
        "lat": 52.5219184,
        "lng": 13.4132147,
        "name": "Alexanderplatz",
      },
    ]
  }
  disableVirtualization={false}
  getItem={[Function]}
  getItemCount={[Function]}
  horizontal={false}
  initialNumToRender={10}
  keyExtractor={[Function]}
  locations={
    Array [
      Object {
        "address": "Pariser Platz, 10117 Berlin, Germany",
        "id": "5c40317ac907b9d99467ba08",
        "lat": 52.5162746,
        "lng": 13.3777041,
        "name": "Brandenburg Tor",
      },
      Object {
        "address": "Leipziger Pl. 12, 10117 Berlin, Germany",
        "id": "5c404e92c907b9d99467ba0b",
        "lat": 52.51050919999999,
        "lng": 13.3810452,
        "name": "Mall of Berlin",
      },
      Object {
        "address": "Panoramastraße 1A, 10178 Berlin, Germany",
        "id": "5c404fd3c907b9d99467ba0c",
        "lat": 52.520815,
        "lng": 13.4094191,
        "name": "TV Tower",
      },
      Object {
        "address": "Köpenicker Str. 70, 10179 Berlin, Germany",
        "id": "5c405010c907b9d99467ba0e",
        "lat": 52.5106031,
        "lng": 13.4197619,
        "name": "Night club Tressor",
      },
      Object {
        "address": "Trebbiner Str. 9, 10963 Berlin, Germany",
        "id": "5c405030c907b9d99467ba0f",
        "lat": 52.4986982,
        "lng": 13.3778846,
        "name": "Technology museum Berlin",
      },
      Object {
        "address": "10178 Berlin, Germany",
        "id": "5c4054c4c907b9d99467ba11",
        "lat": 52.5219184,
        "lng": 13.4132147,
        "name": "Alexanderplatz",
      },
    ]
  }
  maxToRenderPerBatch={10}
  mutate={[Function]}
  numColumns={1}
  onContentSizeChange={[Function]}
  onEndReachedThreshold={2}
  onLayout={[Function]}
  onMomentumScrollEnd={[Function]}
  onScroll={[Function]}
  onScrollBeginDrag={[Function]}
  onScrollEndDrag={[Function]}
  renderItem={[Function]}
  scrollEventThrottle={50}
  stickyHeaderIndices={Array []}
  style={
    Array [
      undefined,
      Object {
        "borderTopColor": "#ccc",
        "borderTopWidth": 1,
        "marginTop": 10,
      },
    ]
  }
  testId="list"
  updateCellsBatchingPeriod={50}
  viewabilityConfigCallbackPairs={Array []}
  windowSize={21}
>
  <View>
    <View
      onLayout={[Function]}
      style={null}
    >
      <View
        style={
          Object {
            "alignItems": "center",
            "borderBottomColor": "#ccc",
            "borderBottomWidth": 1,
            "flexDirection": "row",
            "marginTop": 2,
            "minHeight": 40,
            "paddingHorizontal": 20,
            "paddingVertical": 15,
          }
        }
        testClass="listItem"
      >
        <View
          style={
            Object {
              "flex": 1,
            }
          }
        >
          <Text
            testId="itemName"
          >
            Brandenburg Tor
          </Text>
        </View>
        <View
          style={
            Object {
              "flexDirection": "row",
            }
          }
        >
          <View
            accessible={true}
            isTVSelectable={true}
            onResponderGrant={[Function]}
            onResponderMove={[Function]}
            onResponderRelease={[Function]}
            onResponderTerminate={[Function]}
            onResponderTerminationRequest={[Function]}
            onStartShouldSetResponder={[Function]}
            style={
              Object {
                "marginLeft": 10,
                "opacity": 1,
              }
            }
          >
            <Image
              source={
                Object {
                  "testUri": "../../../src/components/locations-list/img/edit.png",
                }
              }
              style={
                Object {
                  "height": 25,
                  "marginHorizontal": 5,
                  "width": 25,
                }
              }
            />
          </View>
          <View
            accessible={true}
            isTVSelectable={true}
            onResponderGrant={[Function]}
            onResponderMove={[Function]}
            onResponderRelease={[Function]}
            onResponderTerminate={[Function]}
            onResponderTerminationRequest={[Function]}
            onStartShouldSetResponder={[Function]}
            style={
              Object {
                "marginLeft": 10,
                "opacity": 1,
              }
            }
          >
            <Image
              source={
                Object {
                  "testUri": "../../../src/components/locations-list/img/trash.png",
                }
              }
              style={
                Object {
                  "height": 25,
                  "marginHorizontal": 5,
                  "width": 25,
                }
              }
            />
          </View>
        </View>
      </View>
    </View>
    <View
      onLayout={[Function]}
      style={null}
    >
      <View
        style={
          Object {
            "alignItems": "center",
            "borderBottomColor": "#ccc",
            "borderBottomWidth": 1,
            "flexDirection": "row",
            "marginTop": 2,
            "minHeight": 40,
            "paddingHorizontal": 20,
            "paddingVertical": 15,
          }
        }
        testClass="listItem"
      >
        <View
          style={
            Object {
              "flex": 1,
            }
          }
        >
          <Text
            testId="itemName"
          >
            Mall of Berlin
          </Text>
        </View>
        <View
          style={
            Object {
              "flexDirection": "row",
            }
          }
        >
          <View
            accessible={true}
            isTVSelectable={true}
            onResponderGrant={[Function]}
            onResponderMove={[Function]}
            onResponderRelease={[Function]}
            onResponderTerminate={[Function]}
            onResponderTerminationRequest={[Function]}
            onStartShouldSetResponder={[Function]}
            style={
              Object {
                "marginLeft": 10,
                "opacity": 1,
              }
            }
          >
            <Image
              source={
                Object {
                  "testUri": "../../../src/components/locations-list/img/edit.png",
                }
              }
              style={
                Object {
                  "height": 25,
                  "marginHorizontal": 5,
                  "width": 25,
                }
              }
            />
          </View>
          <View
            accessible={true}
            isTVSelectable={true}
            onResponderGrant={[Function]}
            onResponderMove={[Function]}
            onResponderRelease={[Function]}
            onResponderTerminate={[Function]}
            onResponderTerminationRequest={[Function]}
            onStartShouldSetResponder={[Function]}
            style={
              Object {
                "marginLeft": 10,
                "opacity": 1,
              }
            }
          >
            <Image
              source={
                Object {
                  "testUri": "../../../src/components/locations-list/img/trash.png",
                }
              }
              style={
                Object {
                  "height": 25,
                  "marginHorizontal": 5,
                  "width": 25,
                }
              }
            />
          </View>
        </View>
      </View>
    </View>
    <View
      onLayout={[Function]}
      style={null}
    >
      <View
        style={
          Object {
            "alignItems": "center",
            "borderBottomColor": "#ccc",
            "borderBottomWidth": 1,
            "flexDirection": "row",
            "marginTop": 2,
            "minHeight": 40,
            "paddingHorizontal": 20,
            "paddingVertical": 15,
          }
        }
        testClass="listItem"
      >
        <View
          style={
            Object {
              "flex": 1,
            }
          }
        >
          <Text
            testId="itemName"
          >
            TV Tower
          </Text>
        </View>
        <View
          style={
            Object {
              "flexDirection": "row",
            }
          }
        >
          <View
            accessible={true}
            isTVSelectable={true}
            onResponderGrant={[Function]}
            onResponderMove={[Function]}
            onResponderRelease={[Function]}
            onResponderTerminate={[Function]}
            onResponderTerminationRequest={[Function]}
            onStartShouldSetResponder={[Function]}
            style={
              Object {
                "marginLeft": 10,
                "opacity": 1,
              }
            }
          >
            <Image
              source={
                Object {
                  "testUri": "../../../src/components/locations-list/img/edit.png",
                }
              }
              style={
                Object {
                  "height": 25,
                  "marginHorizontal": 5,
                  "width": 25,
                }
              }
            />
          </View>
          <View
            accessible={true}
            isTVSelectable={true}
            onResponderGrant={[Function]}
            onResponderMove={[Function]}
            onResponderRelease={[Function]}
            onResponderTerminate={[Function]}
            onResponderTerminationRequest={[Function]}
            onStartShouldSetResponder={[Function]}
            style={
              Object {
                "marginLeft": 10,
                "opacity": 1,
              }
            }
          >
            <Image
              source={
                Object {
                  "testUri": "../../../src/components/locations-list/img/trash.png",
                }
              }
              style={
                Object {
                  "height": 25,
                  "marginHorizontal": 5,
                  "width": 25,
                }
              }
            />
          </View>
        </View>
      </View>
    </View>
    <View
      onLayout={[Function]}
      style={null}
    >
      <View
        style={
          Object {
            "alignItems": "center",
            "borderBottomColor": "#ccc",
            "borderBottomWidth": 1,
            "flexDirection": "row",
            "marginTop": 2,
            "minHeight": 40,
            "paddingHorizontal": 20,
            "paddingVertical": 15,
          }
        }
        testClass="listItem"
      >
        <View
          style={
            Object {
              "flex": 1,
            }
          }
        >
          <Text
            testId="itemName"
          >
            Night club Tressor
          </Text>
        </View>
        <View
          style={
            Object {
              "flexDirection": "row",
            }
          }
        >
          <View
            accessible={true}
            isTVSelectable={true}
            onResponderGrant={[Function]}
            onResponderMove={[Function]}
            onResponderRelease={[Function]}
            onResponderTerminate={[Function]}
            onResponderTerminationRequest={[Function]}
            onStartShouldSetResponder={[Function]}
            style={
              Object {
                "marginLeft": 10,
                "opacity": 1,
              }
            }
          >
            <Image
              source={
                Object {
                  "testUri": "../../../src/components/locations-list/img/edit.png",
                }
              }
              style={
                Object {
                  "height": 25,
                  "marginHorizontal": 5,
                  "width": 25,
                }
              }
            />
          </View>
          <View
            accessible={true}
            isTVSelectable={true}
            onResponderGrant={[Function]}
            onResponderMove={[Function]}
            onResponderRelease={[Function]}
            onResponderTerminate={[Function]}
            onResponderTerminationRequest={[Function]}
            onStartShouldSetResponder={[Function]}
            style={
              Object {
                "marginLeft": 10,
                "opacity": 1,
              }
            }
          >
            <Image
              source={
                Object {
                  "testUri": "../../../src/components/locations-list/img/trash.png",
                }
              }
              style={
                Object {
                  "height": 25,
                  "marginHorizontal": 5,
                  "width": 25,
                }
              }
            />
          </View>
        </View>
      </View>
    </View>
    <View
      onLayout={[Function]}
      style={null}
    >
      <View
        style={
          Object {
            "alignItems": "center",
            "borderBottomColor": "#ccc",
            "borderBottomWidth": 1,
            "flexDirection": "row",
            "marginTop": 2,
            "minHeight": 40,
            "paddingHorizontal": 20,
            "paddingVertical": 15,
          }
        }
        testClass="listItem"
      >
        <View
          style={
            Object {
              "flex": 1,
            }
          }
        >
          <Text
            testId="itemName"
          >
            Technology museum Berlin
          </Text>
        </View>
        <View
          style={
            Object {
              "flexDirection": "row",
            }
          }
        >
          <View
            accessible={true}
            isTVSelectable={true}
            onResponderGrant={[Function]}
            onResponderMove={[Function]}
            onResponderRelease={[Function]}
            onResponderTerminate={[Function]}
            onResponderTerminationRequest={[Function]}
            onStartShouldSetResponder={[Function]}
            style={
              Object {
                "marginLeft": 10,
                "opacity": 1,
              }
            }
          >
            <Image
              source={
                Object {
                  "testUri": "../../../src/components/locations-list/img/edit.png",
                }
              }
              style={
                Object {
                  "height": 25,
                  "marginHorizontal": 5,
                  "width": 25,
                }
              }
            />
          </View>
          <View
            accessible={true}
            isTVSelectable={true}
            onResponderGrant={[Function]}
            onResponderMove={[Function]}
            onResponderRelease={[Function]}
            onResponderTerminate={[Function]}
            onResponderTerminationRequest={[Function]}
            onStartShouldSetResponder={[Function]}
            style={
              Object {
                "marginLeft": 10,
                "opacity": 1,
              }
            }
          >
            <Image
              source={
                Object {
                  "testUri": "../../../src/components/locations-list/img/trash.png",
                }
              }
              style={
                Object {
                  "height": 25,
                  "marginHorizontal": 5,
                  "width": 25,
                }
              }
            />
          </View>
        </View>
      </View>
    </View>
    <View
      onLayout={[Function]}
      style={null}
    >
      <View
        style={
          Object {
            "alignItems": "center",
            "borderBottomColor": "#ccc",
            "borderBottomWidth": 1,
            "flexDirection": "row",
            "marginTop": 2,
            "minHeight": 40,
            "paddingHorizontal": 20,
            "paddingVertical": 15,
          }
        }
        testClass="listItem"
      >
        <View
          style={
            Object {
              "flex": 1,
            }
          }
        >
          <Text
            testId="itemName"
          >
            Alexanderplatz
          </Text>
        </View>
        <View
          style={
            Object {
              "flexDirection": "row",
            }
          }
        >
          <View
            accessible={true}
            isTVSelectable={true}
            onResponderGrant={[Function]}
            onResponderMove={[Function]}
            onResponderRelease={[Function]}
            onResponderTerminate={[Function]}
            onResponderTerminationRequest={[Function]}
            onStartShouldSetResponder={[Function]}
            style={
              Object {
                "marginLeft": 10,
                "opacity": 1,
              }
            }
          >
            <Image
              source={
                Object {
                  "testUri": "../../../src/components/locations-list/img/edit.png",
                }
              }
              style={
                Object {
                  "height": 25,
                  "marginHorizontal": 5,
                  "width": 25,
                }
              }
            />
          </View>
          <View
            accessible={true}
            isTVSelectable={true}
            onResponderGrant={[Function]}
            onResponderMove={[Function]}
            onResponderRelease={[Function]}
            onResponderTerminate={[Function]}
            onResponderTerminationRequest={[Function]}
            onStartShouldSetResponder={[Function]}
            style={
              Object {
                "marginLeft": 10,
                "opacity": 1,
              }
            }
          >
            <Image
              source={
                Object {
                  "testUri": "../../../src/components/locations-list/img/trash.png",
                }
              }
              style={
                Object {
                  "height": 25,
                  "marginHorizontal": 5,
                  "width": 25,
                }
              }
            />
          </View>
        </View>
      </View>
    </View>
  </View>
</RCTScrollView>
`;
